// Jest Snapshot v1, https://goo.gl/fbAQLP

exports[`App renders 1`] = `
<Fragment>
  <AppLayout>
    <Switch>
      <Route
        path="/results"
        render={[Function]}
      />
      <Route
        path="/watch"
        render={[Function]}
      />
      <Route
        component={
          Object {
            "$$typeof": Symbol(react.memo),
            "WrappedComponent": [Function],
            "compare": null,
            "displayName": "Connect(Home)",
            "type": [Function],
          }
        }
        exact={true}
        path="/"
      />
    </Switch>
  </AppLayout>
</Fragment>
`;
